node_modules/next/dist/client/link.d.ts(1,8): error TS1259: Module '"D:/Programming/WebDev/PROJECT ELIT/Preventive Maintenance/preventive/node_modules/@types/react/index"' can only be default-imported using the 'esModuleInterop' flag
src/app/panduan/page.tsx(17,24): error TS2307: Cannot find module '@/components/ui/button' or its corresponding type declarations.
src/app/panduan/page.tsx(18,75): error TS2307: Cannot find module '@/components/ui/card' or its corresponding type declarations.
src/app/panduan/page.tsx(19,58): error TS2307: Cannot find module '@/components/ui/tabs' or its corresponding type declarations.
src/app/panduan/page.tsx(23,5): error TS17004: Cannot use JSX unless the '--jsx' flag is provided.
src/app/panduan/page.tsx(25,7): error TS17004: Cannot use JSX unless the '--jsx' flag is provided.
src/app/panduan/page.tsx(26,9): error TS17004: Cannot use JSX unless the '--jsx' flag is provided.
src/app/panduan/page.tsx(27,11): error TS17004: Cannot use JSX unless the '--jsx' flag is provided.
src/app/panduan/page.tsx(28,13): error TS17004: Cannot use JSX unless the '--jsx' flag is provided.
src/app/panduan/page.tsx(29,15): error TS17004: Cannot use JSX unless the '--jsx' flag is provided.
src/app/panduan/page.tsx(32,11): error TS17004: Cannot use JSX unless the '--jsx' flag is provided.
src/app/panduan/page.tsx(33,13): error TS17004: Cannot use JSX unless the '--jsx' flag is provided.
src/app/panduan/page.tsx(34,15): error TS17004: Cannot use JSX unless the '--jsx' flag is provided.
src/app/panduan/page.tsx(35,15): error TS17004: Cannot use JSX unless the '--jsx' flag is provided.
src/app/panduan/page.tsx(37,13): error TS17004: Cannot use JSX unless the '--jsx' flag is provided.
src/app/panduan/page.tsx(42,7): error TS17004: Cannot use JSX unless the '--jsx' flag is provided.
src/app/panduan/page.tsx(44,9): error TS17004: Cannot use JSX unless the '--jsx' flag is provided.
src/app/panduan/page.tsx(45,11): error TS17004: Cannot use JSX unless the '--jsx' flag is provided.
src/app/panduan/page.tsx(46,13): error TS17004: Cannot use JSX unless the '--jsx' flag is provided.
src/app/panduan/page.tsx(48,11): error TS17004: Cannot use JSX unless the '--jsx' flag is provided.
src/app/panduan/page.tsx(49,11): error TS17004: Cannot use JSX unless the '--jsx' flag is provided.
src/app/panduan/page.tsx(54,9): error TS17004: Cannot use JSX unless the '--jsx' flag is provided.
src/app/panduan/page.tsx(55,11): error TS17004: Cannot use JSX unless the '--jsx' flag is provided.
src/app/panduan/page.tsx(56,13): error TS17004: Cannot use JSX unless the '--jsx' flag is provided.
src/app/panduan/page.tsx(57,15): error TS17004: Cannot use JSX unless the '--jsx' flag is provided.
src/app/panduan/page.tsx(58,17): error TS17004: Cannot use JSX unless the '--jsx' flag is provided.
src/app/panduan/page.tsx(61,15): error TS17004: Cannot use JSX unless the '--jsx' flag is provided.
src/app/panduan/page.tsx(62,17): error TS17004: Cannot use JSX unless the '--jsx' flag is provided.
src/app/panduan/page.tsx(65,15): error TS17004: Cannot use JSX unless the '--jsx' flag is provided.
src/app/panduan/page.tsx(66,17): error TS17004: Cannot use JSX unless the '--jsx' flag is provided.
src/app/panduan/page.tsx(73,11): error TS17004: Cannot use JSX unless the '--jsx' flag is provided.
src/app/panduan/page.tsx(74,13): error TS17004: Cannot use JSX unless the '--jsx' flag is provided.
src/app/panduan/page.tsx(75,21): error TS17004: Cannot use JSX unless the '--jsx' flag is provided.
src/app/panduan/page.tsx(85,13): error TS17004: Cannot use JSX unless the '--jsx' flag is provided.
src/app/panduan/page.tsx(86,21): error TS17004: Cannot use JSX unless the '--jsx' flag is provided.
src/app/panduan/page.tsx(96,13): error TS17004: Cannot use JSX unless the '--jsx' flag is provided.
src/app/panduan/page.tsx(97,21): error TS17004: Cannot use JSX unless the '--jsx' flag is provided.
src/app/panduan/page.tsx(109,11): error TS17004: Cannot use JSX unless the '--jsx' flag is provided.
src/app/panduan/page.tsx(110,13): error TS17004: Cannot use JSX unless the '--jsx' flag is provided.
src/app/panduan/page.tsx(111,21): error TS17004: Cannot use JSX unless the '--jsx' flag is provided.
src/app/panduan/page.tsx(120,13): error TS17004: Cannot use JSX unless the '--jsx' flag is provided.
src/app/panduan/page.tsx(121,21): error TS17004: Cannot use JSX unless the '--jsx' flag is provided.
src/app/panduan/page.tsx(130,13): error TS17004: Cannot use JSX unless the '--jsx' flag is provided.
src/app/panduan/page.tsx(131,21): error TS17004: Cannot use JSX unless the '--jsx' flag is provided.
src/app/panduan/page.tsx(143,11): error TS17004: Cannot use JSX unless the '--jsx' flag is provided.
src/app/panduan/page.tsx(144,13): error TS17004: Cannot use JSX unless the '--jsx' flag is provided.
src/app/panduan/page.tsx(145,21): error TS17004: Cannot use JSX unless the '--jsx' flag is provided.
src/app/panduan/page.tsx(154,13): error TS17004: Cannot use JSX unless the '--jsx' flag is provided.
src/app/panduan/page.tsx(155,21): error TS17004: Cannot use JSX unless the '--jsx' flag is provided.
src/app/panduan/page.tsx(168,9): error TS17004: Cannot use JSX unless the '--jsx' flag is provided.
src/app/panduan/page.tsx(169,11): error TS17004: Cannot use JSX unless the '--jsx' flag is provided.
src/app/panduan/page.tsx(172,11): error TS17004: Cannot use JSX unless the '--jsx' flag is provided.
src/app/panduan/page.tsx(173,13): error TS17004: Cannot use JSX unless the '--jsx' flag is provided.
src/app/panduan/page.tsx(174,15): error TS17004: Cannot use JSX unless the '--jsx' flag is provided.
src/app/panduan/page.tsx(185,5): error TS17004: Cannot use JSX unless the '--jsx' flag is provided.
src/app/panduan/page.tsx(186,7): error TS17004: Cannot use JSX unless the '--jsx' flag is provided.
src/app/panduan/page.tsx(187,9): error TS17004: Cannot use JSX unless the '--jsx' flag is provided.
src/app/panduan/page.tsx(188,9): error TS17004: Cannot use JSX unless the '--jsx' flag is provided.
src/app/panduan/page.tsx(189,9): error TS17004: Cannot use JSX unless the '--jsx' flag is provided.
src/app/panduan/page.tsx(191,7): error TS17004: Cannot use JSX unless the '--jsx' flag is provided.
src/app/panduan/page.tsx(192,9): error TS17004: Cannot use JSX unless the '--jsx' flag is provided.
src/app/panduan/page.tsx(194,13): error TS17004: Cannot use JSX unless the '--jsx' flag is provided.
src/app/panduan/page.tsx(195,15): error TS17004: Cannot use JSX unless the '--jsx' flag is provided.
